Traceback (most recent call last):
  File "/kaggle/working/FoodPANDA-RESTaurant-ANALytics/scrape_menus.py", line 733, in <module>
    main()
  File "/kaggle/working/FoodPANDA-RESTaurant-ANALytics/scrape_menus.py", line 698, in main
    save_output(_locs)
  File "/kaggle/working/FoodPANDA-RESTaurant-ANALytics/scrape_menus.py", line 395, in save_output
    json.dump(output, f, ensure_ascii=False, indent=2)
  File "/usr/lib/python3.12/json/__init__.py", line 180, in dump
    fp.write(chunk)
OSError: [Errno 28] No space left on device

--- STDOUT TAIL ---
ala - Banani: 3 dishes
  [17/621] Kacchi Bhai - Banani: 46 dishes
  [19/621] Star Kabab & Restaurant - Banani: 11 dishes
  [20/621] Ghoroa Hotel and Restaurant - Mohakhali: 45 dishes
  [23/621] Chillox - Banani: 45 dishes
  [22/621] Hakka Dhaka - Banani: 77 dishes
  [24/621] Best Fried Chicken (BFC) - Banani: 97 dishes
  [21/621] House of Tehari: 9 dishes
  [25/621] North End Coffee Roasters - Banani: 88 dishes
  [27/621] Al Kareem Restaurant: 49 dishes
  [26/621] Panda Dumplings: 95 dishes
  [29/621] Takeout - Banani: 42 dishes
  [28/621] Khichuriwala: 58 dishes
  [30/621] Peyari Tehari - Gulshan 1: 17 dishes
  [parquet] 1859 KB (was 38379 KB JSON, 95% smaller)
  [31/621] Daily Daawat - Gulshan 1: 16 dishes
  [32/621] Tiffinbox - Gulshan 2: 35 dishes
  [33/621] Galito's - Gulshan 2: 60 dishes
  [34/621] Herfy - Banani: 64 dishes
  [35/621] Star Kabab - Banani (Kabab Only): 10 dishes
  [36/621] Rabbit Bites - Gulshan: 78 dishes
  [37/621] Cheez - Banani: 47 dishes
  [39/621] Helvetia - Banani: 32 dishes
  [40/621] Chicken Buzz - Gulshan: 68 dishes
  [38/621] Halab Restaurant: 31 dishes
  [41/621] Shumi's Hot Cake - Banani: 68 dishes
  [42/621] Bhorta Express- Gulshan: 33 dishes
  [43/621] Bella Italia - Gulshan: 84 dishes
  [45/621] Secret Recipe Gulshan-2 Flagship: 96 dishes
  [44/621] Lunch Mafia - Gulshan: 26 dishes
  [46/621] Uncle Bobo's: 11 dishes
  [47/621] Tehari Xpress: 9 dishes
  [49/621] Charleys: 33 dishes
  [48/621] Bhorta Click: 33 dishes
  [51/621] Tripti Catering: 26 dishes
  [50/621] Mezzan Haile Aaiun - Banani: 11 dishes
  [52/621] Kimbap House By Koreana Restaurant: 51 dishes
  [53/621] Clean Cravings - Banani: 17 dishes
  [54/621] Waffle Up: 14 dishes
  [55/621] Nobabi Voj Restaurant & Catering Service: 50 dishes
  [56/621] Molla Bhorta House - Gulshan: 34 dishes
  [57/621] Tastebud Banani: 143 dishes
  [58/621] KFC Banani 11: 47 dishes
  [59/621] Thai Emerald - Gulshan: 111 dishes
  [61/621] Bread & Beyond - Banani UAE Moitry Complex: 88 dishes
